[14-Jan-2026 12:15:36 Asia/Jakarta] PHP Warning:  Undefined array key "kategori" in C:\xampp_real\htdocs\webp\api.php on line 114
[14-Jan-2026 12:15:36 Asia/Jakarta] PHP Deprecated:  mysqli_real_escape_string(): Passing null to parameter #2 ($string) of type string is deprecated in C:\xampp_real\htdocs\webp\api.php on line 114
[21-Jan-2026 02:42:51 Europe/Berlin] PHP Fatal error:  Uncaught mysqli_sql_exception: No connection could be made because the target machine actively refused it in C:\xampp_real\htdocs\webp\config.php:15
Stack trace:
#0 C:\xampp_real\htdocs\webp\config.php(15): mysqli_connect('localhost', 'root', Object(SensitiveParameterValue), 'ux_pak_rizal')
#1 C:\xampp_real\htdocs\webp\login.php(2): require_once('C:\\xampp_real\\h...')
#2 {main}
  thrown in C:\xampp_real\htdocs\webp\config.php on line 15
[21-Jan-2026 02:43:12 Europe/Berlin] PHP Fatal error:  Uncaught mysqli_sql_exception: No connection could be made because the target machine actively refused it in C:\xampp_real\htdocs\webp\config.php:15
Stack trace:
#0 C:\xampp_real\htdocs\webp\config.php(15): mysqli_connect('localhost', 'root', Object(SensitiveParameterValue), 'ux_pak_rizal')
#1 C:\xampp_real\htdocs\webp\index.php(2): require_once('C:\\xampp_real\\h...')
#2 {main}
  thrown in C:\xampp_real\htdocs\webp\config.php on line 15
[21-Jan-2026 03:12:59 Europe/Berlin] PHP Fatal error:  Uncaught mysqli_sql_exception: No connection could be made because the target machine actively refused it in C:\xampp_real\htdocs\webp\config.php:15
Stack trace:
#0 C:\xampp_real\htdocs\webp\config.php(15): mysqli_connect('localhost', 'root', Object(SensitiveParameterValue), 'ux_pak_rizal')
#1 C:\xampp_real\htdocs\webp\login.php(2): require_once('C:\\xampp_real\\h...')
#2 {main}
  thrown in C:\xampp_real\htdocs\webp\config.php on line 15
[21-Jan-2026 03:13:16 Europe/Berlin] PHP Warning:  mysqli_connect(): Error while reading greeting packet. PID=19052 in C:\xampp_real\htdocs\webp\config.php on line 15
[21-Jan-2026 03:13:16 Europe/Berlin] PHP Fatal error:  Uncaught mysqli_sql_exception: MySQL server has gone away in C:\xampp_real\htdocs\webp\config.php:15
Stack trace:
#0 C:\xampp_real\htdocs\webp\config.php(15): mysqli_connect('localhost', 'root', Object(SensitiveParameterValue), 'ux_pak_rizal')
#1 C:\xampp_real\htdocs\webp\login.php(2): require_once('C:\\xampp_real\\h...')
#2 {main}
  thrown in C:\xampp_real\htdocs\webp\config.php on line 15
[21-Jan-2026 03:13:35 Europe/Berlin] PHP Fatal error:  Uncaught mysqli_sql_exception: No connection could be made because the target machine actively refused it in C:\xampp_real\htdocs\webp\config.php:15
Stack trace:
#0 C:\xampp_real\htdocs\webp\config.php(15): mysqli_connect('localhost', 'root', Object(SensitiveParameterValue), 'ux_pak_rizal')
#1 C:\xampp_real\htdocs\webp\login.php(2): require_once('C:\\xampp_real\\h...')
#2 {main}
  thrown in C:\xampp_real\htdocs\webp\config.php on line 15
[21-Jan-2026 03:14:44 Europe/Berlin] PHP Warning:  mysqli_connect(): Error while reading greeting packet. PID=8444 in C:\xampp_real\htdocs\webp\config.php on line 15
[21-Jan-2026 03:14:44 Europe/Berlin] PHP Fatal error:  Uncaught mysqli_sql_exception: MySQL server has gone away in C:\xampp_real\htdocs\webp\config.php:15
Stack trace:
#0 C:\xampp_real\htdocs\webp\config.php(15): mysqli_connect('localhost', 'root', Object(SensitiveParameterValue), 'ux_pak_rizal')
#1 C:\xampp_real\htdocs\webp\login.php(2): require_once('C:\\xampp_real\\h...')
#2 {main}
  thrown in C:\xampp_real\htdocs\webp\config.php on line 15
[21-Jan-2026 03:20:28 Europe/Berlin] PHP Warning:  mysqli_connect(): Error while reading greeting packet. PID=8444 in C:\xampp_real\htdocs\webp\config.php on line 15
[21-Jan-2026 03:20:28 Europe/Berlin] PHP Fatal error:  Uncaught mysqli_sql_exception: MySQL server has gone away in C:\xampp_real\htdocs\webp\config.php:15
Stack trace:
#0 C:\xampp_real\htdocs\webp\config.php(15): mysqli_connect('localhost', 'root', Object(SensitiveParameterValue), 'ux_pak_rizal')
#1 C:\xampp_real\htdocs\webp\login.php(2): require_once('C:\\xampp_real\\h...')
#2 {main}
  thrown in C:\xampp_real\htdocs\webp\config.php on line 15
[21-Jan-2026 09:45:28 Asia/Jakarta] PHP Deprecated:  Implicit conversion from float 1.2 to int loses precision in C:\xampp_real\htdocs\webp\config.php on line 155
[21-Jan-2026 09:46:43 Asia/Jakarta] PHP Deprecated:  Implicit conversion from float 1.2 to int loses precision in C:\xampp_real\htdocs\webp\config.php on line 155
[21-Jan-2026 09:48:23 Asia/Jakarta] PHP Deprecated:  Implicit conversion from float 1.2 to int loses precision in C:\xampp_real\htdocs\webp\config.php on line 155
[21-Jan-2026 09:48:58 Asia/Jakarta] PHP Deprecated:  Implicit conversion from float 1.2 to int loses precision in C:\xampp_real\htdocs\webp\config.php on line 155
[21-Jan-2026 10:00:29 Asia/Jakarta] PHP Deprecated:  Implicit conversion from float 1.2 to int loses precision in C:\xampp_real\htdocs\webp\config.php on line 155
